#
# There is insufficient memory for the Java Runtime Environment to continue.
# Native memory allocation (malloc) failed to allocate 1277776 bytes. Error detail: Chunk::new
# Possible reasons:
#   The system is out of physical RAM or swap space
#   This process is running with CompressedOops enabled, and the Java Heap may be blocking the growth of the native heap
# Possible solutions:
#   Reduce memory load on the system
#   Increase physical memory or swap space
#   Check if swap backing store is full
#   Decrease Java heap size (-Xmx/-Xms)
#   Decrease number of Java threads
#   Decrease Java thread stack sizes (-Xss)
#   Set larger code cache with -XX:ReservedCodeCacheSize=
#   JVM is running with Unscaled Compressed Oops mode in which the Java heap is
#     placed in the first 4GB address space. The Java Heap base address is the
#     maximum limit for the native heap growth. Please use -XX:HeapBaseMinAddress
#     to set the Java Heap base and to place the Java Heap above 4GB virtual address.
# This output file may be truncated or incomplete.
#
#  Out of Memory Error (arena.cpp:168), pid=10368, tid=14452
#
# JRE version: OpenJDK Runtime Environment Temurin-21.0.9+10 (21.0.9+10) (build 21.0.9+10-LTS)
# Java VM: OpenJDK 64-Bit Server VM Temurin-21.0.9+10 (21.0.9+10-LTS, mixed mode, sharing, tiered, compressed oops, compressed class ptrs, parallel gc, windows-amd64)
# No core dump will be written. Minidumps are not enabled by default on client versions of Windows
#

---------------  S U M M A R Y ------------

Command Line: --add-modules=ALL-SYSTEM --add-opens=java.base/java.util=ALL-UNNAMED --add-opens=java.base/java.lang=ALL-UNNAMED --add-opens=java.base/sun.nio.fs=ALL-UNNAMED -Declipse.application=org.eclipse.jdt.ls.core.id1 -Dosgi.bundles.defaultStartLevel=4 -Declipse.product=org.eclipse.jdt.ls.core.product -Djava.import.generatesMetadataFilesAtProjectRoot=false -DDetectVMInstallationsJob.disabled=true -Dfile.encoding=utf8 -XX:+UseParallelGC -XX:GCTimeRatio=4 -XX:AdaptiveSizePolicyWeight=90 -Dsun.zip.disableMemoryMapping=true -Xmx2G -Xms100m -Xlog:disable -javaagent:c:\Users\admin\.vscode\extensions\redhat.java-1.50.0-win32-x64\lombok\lombok-1.18.39-4050.jar -XX:+HeapDumpOnOutOfMemoryError -XX:HeapDumpPath=c:\Users\admin\AppData\Roaming\Code\User\workspaceStorage\e34322bfc2ef4bd5be9d81b15b38c700\redhat.java -Daether.dependencyCollector.impl=bf c:\Users\admin\.vscode\extensions\redhat.java-1.50.0-win32-x64\server\plugins\org.eclipse.equinox.launcher_1.7.100.v20251111-0406.jar -configuration c:\Users\admin\AppData\Roaming\Code\User\globalStorage\redhat.java\1.50.0\config_win -data c:\Users\admin\AppData\Roaming\Code\User\workspaceStorage\e34322bfc2ef4bd5be9d81b15b38c700\redhat.java\jdt_ws --pipe=\\.\pipe\lsp-558265c566e008e741b2ef04a810251e-sock

Host: Intel(R) Core(TM) i5-4570 CPU @ 3.20GHz, 4 cores, 7G,  Windows 10 , 64 bit Build 19041 (10.0.19041.5915)
Time: Fri Dec  5 19:05:40 2025 India Standard Time elapsed time: 5830.634779 seconds (0d 1h 37m 10s)

---------------  T H R E A D  ---------------

Current thread (0x00000194a99c6dc0):  JavaThread "C2 CompilerThread0" daemon [_thread_in_native, id=14452, stack(0x0000001095100000,0x0000001095200000) (1024K)]


Current CompileTask:
C2:5830634 13781   !   4       org.eclipse.jdt.internal.core.NameLookup::findType (673 bytes)

Stack: [0x0000001095100000,0x0000001095200000]
Native frames: (J=compiled Java code, j=interpreted, Vv=VM code, C=native code)
V  [jvm.dll+0x6d6e29]
V  [jvm.dll+0x8b4b76]
V  [jvm.dll+0x8b712e]
V  [jvm.dll+0x8b7813]
V  [jvm.dll+0x283d86]
V  [jvm.dll+0xc66ed]
V  [jvm.dll+0xc6c31]
V  [jvm.dll+0x3be53b]
V  [jvm.dll+0x1e3b52]
V  [jvm.dll+0x24c0f3]
V  [jvm.dll+0x24b580]
V  [jvm.dll+0x1cb13e]
V  [jvm.dll+0x25b29d]
V  [jvm.dll+0x25982a]
V  [jvm.dll+0x3f7ea6]
V  [jvm.dll+0x85e9ad]
V  [jvm.dll+0x6d565d]
C  [ucrtbase.dll+0x21bb2]
C  [KERNEL32.DLL+0x17374]
C  [ntdll.dll+0x4cc91]


---------------  P R O C E S S  ---------------

Threads class SMR info:
_java_thread_list=0x00000194f2035ff0, length=37, elements={
0x0000019492fd24b0, 0x00000194a99bec70, 0x000001949309da50, 0x000001949309e8f0,
0x00000194a99c2660, 0x00000194a99c32b0, 0x00000194a99c5f90, 0x00000194a99c6dc0,
0x00000194a9a38ec0, 0x00000194eb7e2380, 0x00000194eb8cb310, 0x00000194f0501580,
0x00000194f042d580, 0x00000194eb6ac8c0, 0x00000194f0470130, 0x00000194f03eaeb0,
0x00000194f0b0e020, 0x00000194a9a59ba0, 0x00000194a9a58160, 0x00000194a9a5a230,
0x00000194a9a59510, 0x00000194f2f1c920, 0x00000194f2f1a850, 0x00000194f2f1cfb0,
0x00000194f2f16d40, 0x00000194f2f16020, 0x00000194f2f1aee0, 0x00000194f2f18780,
0x00000194f2f18e10, 0x00000194f2f1bc00, 0x00000194f2f17a60, 0x00000194f2f19b30,
0x00000194f2f1b570, 0x00000194f2f1d640, 0x00000194f2f1c290, 0x00000194f2f180f0,
0x00000194f2f194a0
}

Java Threads: ( => current thread )
  0x0000019492fd24b0 JavaThread "main"                              [_thread_blocked, id=3852, stack(0x0000001094700000,0x0000001094800000) (1024K)]
  0x00000194a99bec70 JavaThread "Reference Handler"          daemon [_thread_blocked, id=13536, stack(0x0000001094b00000,0x0000001094c00000) (1024K)]
  0x000001949309da50 JavaThread "Finalizer"                  daemon [_thread_blocked, id=5268, stack(0x0000001094c00000,0x0000001094d00000) (1024K)]
  0x000001949309e8f0 JavaThread "Signal Dispatcher"          daemon [_thread_blocked, id=11900, stack(0x0000001094d00000,0x0000001094e00000) (1024K)]
  0x00000194a99c2660 JavaThread "Attach Listener"            daemon [_thread_blocked, id=10428, stack(0x0000001094e00000,0x0000001094f00000) (1024K)]
  0x00000194a99c32b0 JavaThread "Service Thread"             daemon [_thread_blocked, id=8520, stack(0x0000001094f00000,0x0000001095000000) (1024K)]
  0x00000194a99c5f90 JavaThread "Monitor Deflation Thread"   daemon [_thread_blocked, id=15144, stack(0x0000001095000000,0x0000001095100000) (1024K)]
=>0x00000194a99c6dc0 JavaThread "C2 CompilerThread0"         daemon [_thread_in_native, id=14452, stack(0x0000001095100000,0x0000001095200000) (1024K)]
  0x00000194a9a38ec0 JavaThread "C1 CompilerThread0"         daemon [_thread_blocked, id=4344, stack(0x0000001095200000,0x0000001095300000) (1024K)]
  0x00000194eb7e2380 JavaThread "Common-Cleaner"             daemon [_thread_blocked, id=14824, stack(0x0000001095300000,0x0000001095400000) (1024K)]
  0x00000194eb8cb310 JavaThread "Notification Thread"        daemon [_thread_blocked, id=12996, stack(0x0000001095400000,0x0000001095500000) (1024K)]
  0x00000194f0501580 JavaThread "Active Thread: Equinox Container: 6ff18bd3-b3e0-477d-b9a4-87cb1682ff9c"        [_thread_blocked, id=11040, stack(0x0000001095900000,0x0000001095a00000) (1024K)]
  0x00000194f042d580 JavaThread "Refresh Thread: Equinox Container: 6ff18bd3-b3e0-477d-b9a4-87cb1682ff9c" daemon [_thread_blocked, id=13712, stack(0x0000001095500000,0x0000001095600000) (1024K)]
  0x00000194eb6ac8c0 JavaThread "Framework Event Dispatcher: Equinox Container: 6ff18bd3-b3e0-477d-b9a4-87cb1682ff9c" daemon [_thread_blocked, id=11584, stack(0x0000001095a00000,0x0000001095b00000) (1024K)]
  0x00000194f0470130 JavaThread "Start Level: Equinox Container: 6ff18bd3-b3e0-477d-b9a4-87cb1682ff9c" daemon [_thread_blocked, id=4156, stack(0x0000001095b00000,0x0000001095c00000) (1024K)]
  0x00000194f03eaeb0 JavaThread "Bundle File Closer"         daemon [_thread_blocked, id=1496, stack(0x0000001095d00000,0x0000001095e00000) (1024K)]
  0x00000194f0b0e020 JavaThread "SCR Component Actor"        daemon [_thread_blocked, id=2068, stack(0x0000001095c00000,0x0000001095d00000) (1024K)]
  0x00000194a9a59ba0 JavaThread "Worker-JM"                         [_thread_blocked, id=11776, stack(0x0000001095f00000,0x0000001096000000) (1024K)]
  0x00000194a9a58160 JavaThread "JNA Cleaner"                daemon [_thread_blocked, id=15972, stack(0x0000001096000000,0x0000001096100000) (1024K)]
  0x00000194a9a5a230 JavaThread "Java indexing"              daemon [_thread_blocked, id=1448, stack(0x0000001096300000,0x0000001096400000) (1024K)]
  0x00000194a9a59510 JavaThread "Thread-1"                   daemon [_thread_in_native, id=896, stack(0x0000001096800000,0x0000001096900000) (1024K)]
  0x00000194f2f1c920 JavaThread "Thread-2"                   daemon [_thread_in_native, id=12704, stack(0x0000001096900000,0x0000001096a00000) (1024K)]
  0x00000194f2f1a850 JavaThread "Thread-3"                   daemon [_thread_in_native, id=12112, stack(0x0000001096a00000,0x0000001096b00000) (1024K)]
  0x00000194f2f1cfb0 JavaThread "Thread-4"                   daemon [_thread_in_native, id=5152, stack(0x0000001096b00000,0x0000001096c00000) (1024K)]
  0x00000194f2f16d40 JavaThread "Thread-5"                   daemon [_thread_in_native, id=10064, stack(0x0000001096c00000,0x0000001096d00000) (1024K)]
  0x00000194f2f16020 JavaThread "pool-2-thread-1"                   [_thread_blocked, id=8720, stack(0x0000001096d00000,0x0000001096e00000) (1024K)]
  0x00000194f2f1aee0 JavaThread "WorkspaceEventsHandler"            [_thread_blocked, id=3956, stack(0x0000001096f00000,0x0000001097000000) (1024K)]
  0x00000194f2f18780 JavaThread "pool-1-thread-1"                   [_thread_blocked, id=14032, stack(0x0000001097000000,0x0000001097100000) (1024K)]
  0x00000194f2f18e10 JavaThread "Compiler Source File Reader" daemon [_thread_blocked, id=8384, stack(0x0000001096100000,0x0000001096200000) (1024K)]
  0x00000194f2f1bc00 JavaThread "Worker-11"                         [_thread_blocked, id=6116, stack(0x0000001096400000,0x0000001096500000) (1024K)]
  0x00000194f2f17a60 JavaThread "Worker-12"                         [_thread_blocked, id=6448, stack(0x0000001095e00000,0x0000001095f00000) (1024K)]
  0x00000194f2f19b30 JavaThread "Compiler Source File Reader" daemon [_thread_blocked, id=10696, stack(0x0000001094600000,0x0000001094700000) (1024K)]
  0x00000194f2f1b570 JavaThread "ForkJoinPool.commonPool-worker-10" daemon [_thread_blocked, id=72, stack(0x0000001094500000,0x0000001094600000) (1024K)]
  0x00000194f2f1d640 JavaThread "ForkJoinPool.commonPool-worker-11" daemon [_thread_blocked, id=14904, stack(0x0000001096200000,0x0000001096300000) (1024K)]
  0x00000194f2f1c290 JavaThread "Compiler Processing Task"   daemon [_thread_blocked, id=10208, stack(0x0000001096500000,0x0000001096600000) (1024K)]
  0x00000194f2f180f0 JavaThread "Worker-14"                         [_thread_blocked, id=8964, stack(0x0000001096600000,0x0000001096700000) (1024K)]
  0x00000194f2f194a0 JavaThread "Worker-15"                         [_thread_blocked, id=11632, stack(0x0000001096700000,0x0000001096800000) (1024K)]
Total: 37

Other Threads:
  0x000001949308d6c0 VMThread "VM Thread"                           [id=5928, stack(0x0000001094a00000,0x0000001094b00000) (1024K)]
  0x0000019493039c80 WatcherThread "VM Periodic Task Thread"        [id=15928, stack(0x0000001094900000,0x0000001094a00000) (1024K)]
  0x0000019492feef90 WorkerThread "GC Thread#0"                     [id=7144, stack(0x0000001094800000,0x0000001094900000) (1024K)]
  0x00000194f0179970 WorkerThread "GC Thread#1"                     [id=9368, stack(0x0000001095600000,0x0000001095700000) (1024K)]
  0x00000194f0179d10 WorkerThread "GC Thread#2"                     [id=5904, stack(0x0000001095700000,0x0000001095800000) (1024K)]
  0x00000194f00d9110 WorkerThread "GC Thread#3"                     [id=2448, stack(0x0000001095800000,0x0000001095900000) (1024K)]
Total: 6

Threads with active compile tasks:
C2 CompilerThread0  5830685 13781   !   4       org.eclipse.jdt.internal.core.NameLookup::findType (673 bytes)
Total: 1

VM state: at safepoint (normal execution)

VM Mutex/Monitor currently owned by a thread:  ([mutex/lock_event])
[0x00007ffdc59fd570] Threads_lock - owner thread: 0x000001949308d6c0
[0x00007ffdc59fd670] Heap_lock - owner thread: 0x00000194a9a5a230

Heap address: 0x0000000080000000, size: 2048 MB, Compressed Oops mode: 32-bit

CDS archive(s) mapped at: [0x00000194aa000000-0x00000194aaba0000-0x00000194aaba0000), size 12189696, SharedBaseAddress: 0x00000194aa000000, ArchiveRelocationMode: 1.
Compressed class space mapped at: 0x00000194ab000000-0x00000194eb000000, reserved size: 1073741824
Narrow klass base: 0x00000194aa000000, Narrow klass shift: 0, Narrow klass range: 0x100000000

GC Precious Log:
 CardTable entry size: 512
 CPUs: 4 total, 4 available
 Memory: 8110M
 Large Page Support: Disabled
 NUMA Support: Disabled
 Compressed Oops: Enabled (32-bit)
 Alignments: Space 512K, Generation 512K, Heap 2M
 Heap Min Capacity: 100M
 Heap Initial Capacity: 100M
 Heap Max Capacity: 2G
 Pre-touch: Disabled
 Parallel Workers: 4

Heap:
 PSYoungGen      total 7680K, used 7566K [0x00000000d5580000, 0x00000000d6380000, 0x0000000100000000)
  eden space 5120K, 98% used [0x00000000d5580000,0x00000000d5a69790,0x00000000d5a80000)
  from space 2560K, 99% used [0x00000000d5c00000,0x00000000d5e7a2d0,0x00000000d5e80000)
  to   space 4608K, 0% used [0x00000000d5f00000,0x00000000d5f00000,0x00000000d6380000)
 ParOldGen       total 677888K, used 677550K [0x0000000080000000, 0x00000000a9600000, 0x00000000d5580000)
  object space 677888K, 99% used [0x0000000080000000,0x00000000a95abbb8,0x00000000a9600000)
 Metaspace       used 67778K, committed 69248K, reserved 1114112K
  class space    used 6890K, committed 7552K, reserved 1048576K

Card table byte_map: [0x00000194929b0000,0x0000019492dc0000] _byte_map_base: 0x00000194925b0000

Marking Bits: (ParMarkBitMap*) 0x00007ffdc5a02460
 Begin Bits: [0x00000194a5490000, 0x00000194a7490000)
 End Bits:   [0x00000194a7490000, 0x00000194a9490000)

Polling page: 0x00000194927a0000

Metaspace:

Usage:
  Non-class:     59.46 MB used.
      Class:      6.73 MB used.
       Both:     66.19 MB used.

Virtual space:
  Non-class space:       64.00 MB reserved,      60.25 MB ( 94%) committed,  1 nodes.
      Class space:        1.00 GB reserved,       7.38 MB ( <1%) committed,  1 nodes.
             Both:        1.06 GB reserved,      67.62 MB (  6%) committed. 

Chunk freelists:
   Non-Class:  3.66 MB
       Class:  8.67 MB
        Both:  12.33 MB

MaxMetaspaceSize: unlimited
CompressedClassSpaceSize: 1.00 GB
Initial GC threshold: 21.00 MB
Current GC threshold: 97.31 MB
CDS: on
 - commit_granule_bytes: 65536.
 - commit_granule_words: 8192.
 - virtual_space_node_default_size: 8388608.
 - enlarge_chunks_in_place: 1.
 - use_allocation_guard: 0.


Internal statistics:

num_allocs_failed_limit: 9.
num_arena_births: 1140.
num_arena_deaths: 14.
num_vsnodes_births: 2.
num_vsnodes_deaths: 0.
num_space_committed: 1082.
num_space_uncommitted: 0.
num_chunks_returned_to_freelist: 23.
num_chunks_taken_from_freelist: 4263.
num_chunk_merges: 11.
num_chunk_splits: 2637.
num_chunks_enlarged: 1570.
num_inconsistent_stats: 0.

CodeHeap 'non-profiled nmethods': size=120000Kb used=11464Kb max_used=11464Kb free=108535Kb
 bounds [0x000001949dcb0000, 0x000001949e7f0000, 0x00000194a51e0000]
CodeHeap 'profiled nmethods': size=120000Kb used=33344Kb max_used=33344Kb free=86655Kb
 bounds [0x00000194961e0000, 0x0000019498280000, 0x000001949d710000]
CodeHeap 'non-nmethods': size=5760Kb used=1443Kb max_used=1516Kb free=4316Kb
 bounds [0x000001949d710000, 0x000001949d980000, 0x000001949dcb0000]
CodeCache: size=245760Kb, used=46251Kb, max_used=46324Kb, free=199506Kb
 total_blobs=13814, nmethods=13055, adapters=662, full_count=0
Compilation: enabled, stopped_count=0, restarted_count=0

Compilation events (20 events):
Event: 5823.357 Thread 0x00000194a9a38ec0 nmethod 13774 0x000001949825b190 code [0x000001949825b340, 0x000001949825b4c0]
Event: 5823.358 Thread 0x00000194a99c6dc0 13775   !   4       org.eclipse.jdt.internal.compiler.lookup.LookupEnvironment::askForType (576 bytes)
Event: 5823.366 Thread 0x00000194a9a38ec0 13777       3       org.eclipse.jdt.internal.compiler.SourceElementNotifier::quickSort (113 bytes)
Event: 5823.367 Thread 0x00000194a9a38ec0 nmethod 13777 0x000001949825b590 code [0x000001949825b7a0, 0x000001949825bf18]
Event: 5823.367 Thread 0x00000194a9a38ec0 13779       3       org.eclipse.jdt.core.Signature::checkArrayDimension (92 bytes)
Event: 5823.367 Thread 0x00000194a9a38ec0 nmethod 13779 0x000001949825c210 code [0x000001949825c3e0, 0x000001949825c780]
Event: 5823.367 Thread 0x00000194a9a38ec0 13780       3       org.eclipse.jdt.core.Signature::encodeQualifiedName (207 bytes)
Event: 5823.368 Thread 0x00000194a9a38ec0 nmethod 13780 0x000001949825c890 code [0x000001949825cb80, 0x000001949825dc40]
Event: 5823.368 Thread 0x00000194a9a38ec0 13778       3       org.eclipse.jdt.internal.compiler.SourceElementNotifier::notifySourceElementRequestor (988 bytes)
Event: 5823.371 Thread 0x00000194a9a38ec0 nmethod 13778 0x000001949825e310 code [0x000001949825e760, 0x0000019498260eb8]
Event: 5823.434 Thread 0x00000194a99c6dc0 nmethod 13775 0x000001949e7d9410 code [0x000001949e7d9900, 0x000001949e7dd818]
Event: 5823.435 Thread 0x00000194a99c6dc0 13776       4       org.eclipse.core.internal.jobs.DeadlockDetector::reduceGraph (509 bytes)
Event: 5823.458 Thread 0x00000194a99c6dc0 nmethod 13776 0x000001949e7dfd10 code [0x000001949e7dffa0, 0x000001949e7e1450]
Event: 5830.518 Thread 0x00000194a99c6dc0 13781   !   4       org.eclipse.jdt.internal.core.NameLookup::findType (673 bytes)
Event: 5830.587 Thread 0x00000194a9a38ec0 13783   !   3       org.eclipse.jdt.internal.core.DeltaProcessor::outputsInfo (282 bytes)
Event: 5830.588 Thread 0x00000194a9a38ec0 nmethod 13783 0x0000019498261d90 code [0x0000019498262080, 0x0000019498263790]
Event: 5830.589 Thread 0x00000194a9a38ec0 13784   !   3       org.eclipse.jdt.internal.core.DeltaProcessor::updateIndex (929 bytes)
Event: 5830.593 Thread 0x00000194a9a38ec0 nmethod 13784 0x0000019498264610 code [0x0000019498265160, 0x000001949826d408]
Event: 5830.593 Thread 0x00000194a9a38ec0 13785       3       org.eclipse.jdt.ls.core.internal.ProjectUtils::isMavenProject (7 bytes)
Event: 5830.594 Thread 0x00000194a9a38ec0 nmethod 13785 0x000001949826fd90 code [0x000001949826ff40, 0x00000194982701a0]

GC Heap History (20 events):
Event: 5820.560 GC heap before
{Heap before GC invocations=463 (full 3):
 PSYoungGen      total 5120K, used 3700K [0x00000000d5580000, 0x00000000d5d00000, 0x0000000100000000)
  eden space 2048K, 82% used [0x00000000d5580000,0x00000000d5725758,0x00000000d5780000)
  from space 3072K, 65% used [0x00000000d5780000,0x00000000d5977c00,0x00000000d5a80000)
  to   space 2560K, 0% used [0x00000000d5a80000,0x00000000d5a80000,0x00000000d5d00000)
 ParOldGen       total 661504K, used 661122K [0x0000000080000000, 0x00000000a8600000, 0x00000000d5580000)
  object space 661504K, 99% used [0x0000000080000000,0x00000000a85a0888,0x00000000a8600000)
 Metaspace       used 67744K, committed 69184K, reserved 1114112K
  class space    used 6890K, committed 7552K, reserved 1048576K
}
Event: 5820.563 GC heap after
{Heap after GC invocations=463 (full 3):
 PSYoungGen      total 4096K, used 1336K [0x00000000d5580000, 0x00000000d5c00000, 0x0000000100000000)
  eden space 2560K, 0% used [0x00000000d5580000,0x00000000d5580000,0x00000000d5800000)
  from space 1536K, 86% used [0x00000000d5a80000,0x00000000d5bce000,0x00000000d5c00000)
  to   space 2048K, 0% used [0x00000000d5800000,0x00000000d5800000,0x00000000d5a00000)
 ParOldGen       total 663040K, used 663034K [0x0000000080000000, 0x00000000a8780000, 0x00000000d5580000)
  object space 663040K, 99% used [0x0000000080000000,0x00000000a877e888,0x00000000a8780000)
 Metaspace       used 67744K, committed 69184K, reserved 1114112K
  class space    used 6890K, committed 7552K, reserved 1048576K
}
Event: 5820.583 GC heap before
{Heap before GC invocations=464 (full 3):
 PSYoungGen      total 4096K, used 3896K [0x00000000d5580000, 0x00000000d5c00000, 0x0000000100000000)
  eden space 2560K, 100% used [0x00000000d5580000,0x00000000d5800000,0x00000000d5800000)
  from space 1536K, 86% used [0x00000000d5a80000,0x00000000d5bce000,0x00000000d5c00000)
  to   space 2048K, 0% used [0x00000000d5800000,0x00000000d5800000,0x00000000d5a00000)
 ParOldGen       total 663040K, used 663034K [0x0000000080000000, 0x00000000a8780000, 0x00000000d5580000)
  object space 663040K, 99% used [0x0000000080000000,0x00000000a877e888,0x00000000a8780000)
 Metaspace       used 67744K, committed 69184K, reserved 1114112K
  class space    used 6890K, committed 7552K, reserved 1048576K
}
Event: 5820.587 GC heap after
{Heap after GC invocations=464 (full 3):
 PSYoungGen      total 4608K, used 2026K [0x00000000d5580000, 0x00000000d6080000, 0x0000000100000000)
  eden space 2560K, 0% used [0x00000000d5580000,0x00000000d5580000,0x00000000d5800000)
  from space 2048K, 98% used [0x00000000d5800000,0x00000000d59fa990,0x00000000d5a00000)
  to   space 4096K, 0% used [0x00000000d5c80000,0x00000000d5c80000,0x00000000d6080000)
 ParOldGen       total 664576K, used 664338K [0x0000000080000000, 0x00000000a8900000, 0x00000000d5580000)
  object space 664576K, 99% used [0x0000000080000000,0x00000000a88c4888,0x00000000a8900000)
 Metaspace       used 67744K, committed 69184K, reserved 1114112K
  class space    used 6890K, committed 7552K, reserved 1048576K
}
Event: 5820.591 GC heap before
{Heap before GC invocations=465 (full 3):
 PSYoungGen      total 4608K, used 4586K [0x00000000d5580000, 0x00000000d6080000, 0x0000000100000000)
  eden space 2560K, 100% used [0x00000000d5580000,0x00000000d5800000,0x00000000d5800000)
  from space 2048K, 98% used [0x00000000d5800000,0x00000000d59fa990,0x00000000d5a00000)
  to   space 4096K, 0% used [0x00000000d5c80000,0x00000000d5c80000,0x00000000d6080000)
 ParOldGen       total 664576K, used 664338K [0x0000000080000000, 0x00000000a8900000, 0x00000000d5580000)
  object space 664576K, 99% used [0x0000000080000000,0x00000000a88c4888,0x00000000a8900000)
 Metaspace       used 67744K, committed 69184K, reserved 1114112K
  class space    used 6890K, committed 7552K, reserved 1048576K
}
Event: 5820.596 GC heap after
{Heap after GC invocations=465 (full 3):
 PSYoungGen      total 5120K, used 1984K [0x00000000d5580000, 0x00000000d5e80000, 0x0000000100000000)
  eden space 3072K, 0% used [0x00000000d5580000,0x00000000d5580000,0x00000000d5880000)
  from space 2048K, 96% used [0x00000000d5c80000,0x00000000d5e70000,0x00000000d5e80000)
  to   space 2560K, 0% used [0x00000000d5980000,0x00000000d5980000,0x00000000d5c00000)
 ParOldGen       total 666624K, used 666388K [0x0000000080000000, 0x00000000a8b00000, 0x00000000d5580000)
  object space 666624K, 99% used [0x0000000080000000,0x00000000a8ac5218,0x00000000a8b00000)
 Metaspace       used 67744K, committed 69184K, reserved 1114112K
  class space    used 6890K, committed 7552K, reserved 1048576K
}
Event: 5823.168 GC heap before
{Heap before GC invocations=466 (full 3):
 PSYoungGen      total 5120K, used 5056K [0x00000000d5580000, 0x00000000d5e80000, 0x0000000100000000)
  eden space 3072K, 100% used [0x00000000d5580000,0x00000000d5880000,0x00000000d5880000)
  from space 2048K, 96% used [0x00000000d5c80000,0x00000000d5e70000,0x00000000d5e80000)
  to   space 2560K, 0% used [0x00000000d5980000,0x00000000d5980000,0x00000000d5c00000)
 ParOldGen       total 666624K, used 666388K [0x0000000080000000, 0x00000000a8b00000, 0x00000000d5580000)
  object space 666624K, 99% used [0x0000000080000000,0x00000000a8ac5218,0x00000000a8b00000)
 Metaspace       used 67744K, committed 69184K, reserved 1114112K
  class space    used 6890K, committed 7552K, reserved 1048576K
}
Event: 5823.171 GC heap after
{Heap after GC invocations=466 (full 3):
 PSYoungGen      total 5632K, used 1424K [0x00000000d5580000, 0x00000000d5d80000, 0x0000000100000000)
  eden space 4096K, 0% used [0x00000000d5580000,0x00000000d5580000,0x00000000d5980000)
  from space 1536K, 92% used [0x00000000d5980000,0x00000000d5ae4010,0x00000000d5b00000)
  to   space 2048K, 0% used [0x00000000d5b80000,0x00000000d5b80000,0x00000000d5d80000)
 ParOldGen       total 668160K, used 668068K [0x0000000080000000, 0x00000000a8c80000, 0x00000000d5580000)
  object space 668160K, 99% used [0x0000000080000000,0x00000000a8c69218,0x00000000a8c80000)
 Metaspace       used 67744K, committed 69184K, reserved 1114112K
  class space    used 6890K, committed 7552K, reserved 1048576K
}
Event: 5823.188 GC heap before
{Heap before GC invocations=467 (full 3):
 PSYoungGen      total 5632K, used 5520K [0x00000000d5580000, 0x00000000d5d80000, 0x0000000100000000)
  eden space 4096K, 100% used [0x00000000d5580000,0x00000000d5980000,0x00000000d5980000)
  from space 1536K, 92% used [0x00000000d5980000,0x00000000d5ae4010,0x00000000d5b00000)
  to   space 2048K, 0% used [0x00000000d5b80000,0x00000000d5b80000,0x00000000d5d80000)
 ParOldGen       total 668160K, used 668068K [0x0000000080000000, 0x00000000a8c80000, 0x00000000d5580000)
  object space 668160K, 99% used [0x0000000080000000,0x00000000a8c69218,0x00000000a8c80000)
 Metaspace       used 67744K, committed 69184K, reserved 1114112K
  class space    used 6890K, committed 7552K, reserved 1048576K
}
Event: 5823.190 GC heap after
{Heap after GC invocations=467 (full 3):
 PSYoungGen      total 6144K, used 64K [0x00000000d5580000, 0x00000000d5c80000, 0x0000000100000000)
  eden space 5120K, 0% used [0x00000000d5580000,0x00000000d5580000,0x00000000d5a80000)
  from space 1024K, 6% used [0x00000000d5b80000,0x00000000d5b90000,0x00000000d5c80000)
  to   space 1024K, 0% used [0x00000000d5a80000,0x00000000d5a80000,0x00000000d5b80000)
 ParOldGen       total 669696K, used 669236K [0x0000000080000000, 0x00000000a8e00000, 0x00000000d5580000)
  object space 669696K, 99% used [0x0000000080000000,0x00000000a8d8d218,0x00000000a8e00000)
 Metaspace       used 67744K, committed 69184K, reserved 1114112K
  class space    used 6890K, committed 7552K, reserved 1048576K
}
Event: 5823.266 GC heap before
{Heap before GC invocations=468 (full 3):
 PSYoungGen      total 6144K, used 5184K [0x00000000d5580000, 0x00000000d5c80000, 0x0000000100000000)
  eden space 5120K, 100% used [0x00000000d5580000,0x00000000d5a80000,0x00000000d5a80000)
  from space 1024K, 6% used [0x00000000d5b80000,0x00000000d5b90000,0x00000000d5c80000)
  to   space 1024K, 0% used [0x00000000d5a80000,0x00000000d5a80000,0x00000000d5b80000)
 ParOldGen       total 669696K, used 669236K [0x0000000080000000, 0x00000000a8e00000, 0x00000000d5580000)
  object space 669696K, 99% used [0x0000000080000000,0x00000000a8d8d218,0x00000000a8e00000)
 Metaspace       used 67766K, committed 69248K, reserved 1114112K
  class space    used 6890K, committed 7552K, reserved 1048576K
}
Event: 5823.270 GC heap after
{Heap after GC invocations=468 (full 3):
 PSYoungGen      total 6144K, used 1000K [0x00000000d5580000, 0x00000000d6380000, 0x0000000100000000)
  eden space 5120K, 0% used [0x00000000d5580000,0x00000000d5580000,0x00000000d5a80000)
  from space 1024K, 97% used [0x00000000d5a80000,0x00000000d5b7a2d0,0x00000000d5b80000)
  to   space 4608K, 0% used [0x00000000d5f00000,0x00000000d5f00000,0x00000000d6380000)
 ParOldGen       total 672256K, used 672036K [0x0000000080000000, 0x00000000a9080000, 0x00000000d5580000)
  object space 672256K, 99% used [0x0000000080000000,0x00000000a9049218,0x00000000a9080000)
 Metaspace       used 67766K, committed 69248K, reserved 1114112K
  class space    used 6890K, committed 7552K, reserved 1048576K
}
Event: 5823.309 GC heap before
{Heap before GC invocations=469 (full 3):
 PSYoungGen      total 6144K, used 6120K [0x00000000d5580000, 0x00000000d6380000, 0x0000000100000000)
  eden space 5120K, 100% used [0x00000000d5580000,0x00000000d5a80000,0x00000000d5a80000)
  from space 1024K, 97% used [0x00000000d5a80000,0x00000000d5b7a2d0,0x00000000d5b80000)
  to   space 4608K, 0% used [0x00000000d5f00000,0x00000000d5f00000,0x00000000d6380000)
 ParOldGen       total 672256K, used 672036K [0x0000000080000000, 0x00000000a9080000, 0x00000000d5580000)
  object space 672256K, 99% used [0x0000000080000000,0x00000000a9049218,0x00000000a9080000)
 Metaspace       used 67766K, committed 69248K, reserved 1114112K
  class space    used 6890K, committed 7552K, reserved 1048576K
}
Event: 5823.311 GC heap after
{Heap after GC invocations=469 (full 3):
 PSYoungGen      total 5632K, used 474K [0x00000000d5580000, 0x00000000d5f80000, 0x0000000100000000)
  eden space 5120K, 0% used [0x00000000d5580000,0x00000000d5580000,0x00000000d5a80000)
  from space 512K, 92% used [0x00000000d5f00000,0x00000000d5f76990,0x00000000d5f80000)
  to   space 2048K, 0% used [0x00000000d5b80000,0x00000000d5b80000,0x00000000d5d80000)
 ParOldGen       total 672256K, used 672092K [0x0000000080000000, 0x00000000a9080000, 0x00000000d5580000)
  object space 672256K, 99% used [0x0000000080000000,0x00000000a9057228,0x00000000a9080000)
 Metaspace       used 67766K, committed 69248K, reserved 1114112K
  class space    used 6890K, committed 7552K, reserved 1048576K
}
Event: 5823.352 GC heap before
{Heap before GC invocations=470 (full 3):
 PSYoungGen      total 5632K, used 5594K [0x00000000d5580000, 0x00000000d5f80000, 0x0000000100000000)
  eden space 5120K, 100% used [0x00000000d5580000,0x00000000d5a80000,0x00000000d5a80000)
  from space 512K, 92% used [0x00000000d5f00000,0x00000000d5f76990,0x00000000d5f80000)
  to   space 2048K, 0% used [0x00000000d5b80000,0x00000000d5b80000,0x00000000d5d80000)
 ParOldGen       total 672256K, used 672092K [0x0000000080000000, 0x00000000a9080000, 0x00000000d5580000)
  object space 672256K, 99% used [0x0000000080000000,0x00000000a9057228,0x00000000a9080000)
 Metaspace       used 67766K, committed 69248K, reserved 1114112K
  class space    used 6890K, committed 7552K, reserved 1048576K
}
Event: 5823.356 GC heap after
{Heap after GC invocations=470 (full 3):
 PSYoungGen      total 7168K, used 2048K [0x00000000d5580000, 0x00000000d6580000, 0x0000000100000000)
  eden space 5120K, 0% used [0x00000000d5580000,0x00000000d5580000,0x00000000d5a80000)
  from space 2048K, 100% used [0x00000000d5b80000,0x00000000d5d80000,0x00000000d5d80000)
  to   space 5632K, 0% used [0x00000000d6000000,0x00000000d6000000,0x00000000d6580000)
 ParOldGen       total 674816K, used 674582K [0x0000000080000000, 0x00000000a9300000, 0x00000000d5580000)
  object space 674816K, 99% used [0x0000000080000000,0x00000000a92c5bb8,0x00000000a9300000)
 Metaspace       used 67766K, committed 69248K, reserved 1114112K
  class space    used 6890K, committed 7552K, reserved 1048576K
}
Event: 5830.518 GC heap before
{Heap before GC invocations=471 (full 3):
 PSYoungGen      total 7168K, used 7168K [0x00000000d5580000, 0x00000000d6580000, 0x0000000100000000)
  eden space 5120K, 100% used [0x00000000d5580000,0x00000000d5a80000,0x00000000d5a80000)
  from space 2048K, 100% used [0x00000000d5b80000,0x00000000d5d80000,0x00000000d5d80000)
  to   space 5632K, 0% used [0x00000000d6000000,0x00000000d6000000,0x00000000d6580000)
 ParOldGen       total 674816K, used 674582K [0x0000000080000000, 0x00000000a9300000, 0x00000000d5580000)
  object space 674816K, 99% used [0x0000000080000000,0x00000000a92c5bb8,0x00000000a9300000)
 Metaspace       used 67767K, committed 69248K, reserved 1114112K
  class space    used 6890K, committed 7552K, reserved 1048576K
}
Event: 5830.521 GC heap after
{Heap after GC invocations=471 (full 3):
 PSYoungGen      total 6144K, used 672K [0x00000000d5580000, 0x00000000d6100000, 0x0000000100000000)
  eden space 5120K, 0% used [0x00000000d5580000,0x00000000d5580000,0x00000000d5a80000)
  from space 1024K, 65% used [0x00000000d6000000,0x00000000d60a8000,0x00000000d6100000)
  to   space 2560K, 0% used [0x00000000d5c00000,0x00000000d5c00000,0x00000000d5e80000)
 ParOldGen       total 676864K, used 676422K [0x0000000080000000, 0x00000000a9500000, 0x00000000d5580000)
  object space 676864K, 99% used [0x0000000080000000,0x00000000a9491bb8,0x00000000a9500000)
 Metaspace       used 67767K, committed 69248K, reserved 1114112K
  class space    used 6890K, committed 7552K, reserved 1048576K
}
Event: 5830.624 GC heap before
{Heap before GC invocations=472 (full 3):
 PSYoungGen      total 6144K, used 5792K [0x00000000d5580000, 0x00000000d6100000, 0x0000000100000000)
  eden space 5120K, 100% used [0x00000000d5580000,0x00000000d5a80000,0x00000000d5a80000)
  from space 1024K, 65% used [0x00000000d6000000,0x00000000d60a8000,0x00000000d6100000)
  to   space 2560K, 0% used [0x00000000d5c00000,0x00000000d5c00000,0x00000000d5e80000)
 ParOldGen       total 676864K, used 676422K [0x0000000080000000, 0x00000000a9500000, 0x00000000d5580000)
  object space 676864K, 99% used [0x0000000080000000,0x00000000a9491bb8,0x00000000a9500000)
 Metaspace       used 67778K, committed 69248K, reserved 1114112K
  class space    used 6890K, committed 7552K, reserved 1048576K
}
Event: 5830.627 GC heap after
{Heap after GC invocations=472 (full 3):
 PSYoungGen      total 7680K, used 2536K [0x00000000d5580000, 0x00000000d6380000, 0x0000000100000000)
  eden space 5120K, 0% used [0x00000000d5580000,0x00000000d5580000,0x00000000d5a80000)
  from space 2560K, 99% used [0x00000000d5c00000,0x00000000d5e7a2d0,0x00000000d5e80000)
  to   space 4608K, 0% used [0x00000000d5f00000,0x00000000d5f00000,0x00000000d6380000)
 ParOldGen       total 677888K, used 677550K [0x0000000080000000, 0x00000000a9600000, 0x00000000d5580000)
  object space 677888K, 99% used [0x0000000080000000,0x00000000a95abbb8,0x00000000a9600000)
 Metaspace       used 67778K, committed 69248K, reserved 1114112K
  class space    used 6890K, committed 7552K, reserved 1048576K
}

Dll operation events (11 events):
Event: 0.106 Loaded shared library c:\Users\admin\.vscode\extensions\redhat.java-1.50.0-win32-x64\jre\21.0.9-win32-x86_64\bin\java.dll
Event: 0.306 Loaded shared library c:\Users\admin\.vscode\extensions\redhat.java-1.50.0-win32-x64\jre\21.0.9-win32-x86_64\bin\zip.dll
Event: 0.343 Loaded shared library C:\Users\admin\.vscode\extensions\redhat.java-1.50.0-win32-x64\jre\21.0.9-win32-x86_64\bin\instrument.dll
Event: 0.376 Loaded shared library C:\Users\admin\.vscode\extensions\redhat.java-1.50.0-win32-x64\jre\21.0.9-win32-x86_64\bin\net.dll
Event: 0.442 Loaded shared library C:\Users\admin\.vscode\extensions\redhat.java-1.50.0-win32-x64\jre\21.0.9-win32-x86_64\bin\nio.dll
Event: 0.446 Loaded shared library C:\Users\admin\.vscode\extensions\redhat.java-1.50.0-win32-x64\jre\21.0.9-win32-x86_64\bin\zip.dll
Event: 0.462 Loaded shared library C:\Users\admin\.vscode\extensions\redhat.java-1.50.0-win32-x64\jre\21.0.9-win32-x86_64\bin\jimage.dll
Event: 0.669 Loaded shared library c:\Users\admin\.vscode\extensions\redhat.java-1.50.0-win32-x64\jre\21.0.9-win32-x86_64\bin\verify.dll
Event: 8.206 Loaded shared library C:\Users\admin\AppData\Roaming\Code\User\globalStorage\redhat.java\1.50.0\config_win\org.eclipse.equinox.launcher\org.eclipse.equinox.launcher.win32.win32.x86_64_1.2.1400.v20250801-0854\eclipse_11916.dll
Event: 18.464 Loaded shared library C:\Users\admin\AppData\Local\Temp\jna-92668751\jna13920616826429270895.dll
Event: 25.311 Loaded shared library C:\Users\admin\.vscode\extensions\redhat.java-1.50.0-win32-x64\jre\21.0.9-win32-x86_64\bin\sunmscapi.dll

Deoptimization events (20 events):
Event: 5830.507 Thread 0x00000194f2f1d640 Uncommon trap: trap_request=0xffffffd6 fr.pc=0x000001949e7d9b78 relative=0x0000000000000278
Event: 5830.507 Thread 0x00000194f2f1d640 Uncommon trap: reason=array_check action=maybe_recompile pc=0x000001949e7d9b78 method=java.util.LinkedHashMap.keysToArray([Ljava/lang/Object;Z)[Ljava/lang/Object; @ 67 c2
Event: 5830.507 Thread 0x00000194f2f1d640 DEOPT PACKING pc=0x000001949e7d9b78 sp=0x00000010962fd760
Event: 5830.507 Thread 0x00000194f2f1d640 DEOPT UNPACKING pc=0x000001949d763aa2 sp=0x00000010962fd538 mode 2
Event: 5830.509 Thread 0x00000194f2f1d640 Uncommon trap: trap_request=0xffffffd6 fr.pc=0x000001949e7d9b78 relative=0x0000000000000278
Event: 5830.509 Thread 0x00000194f2f1d640 Uncommon trap: reason=array_check action=maybe_recompile pc=0x000001949e7d9b78 method=java.util.LinkedHashMap.keysToArray([Ljava/lang/Object;Z)[Ljava/lang/Object; @ 67 c2
Event: 5830.509 Thread 0x00000194f2f1d640 DEOPT PACKING pc=0x000001949e7d9b78 sp=0x00000010962fd930
Event: 5830.509 Thread 0x00000194f2f1d640 DEOPT UNPACKING pc=0x000001949d763aa2 sp=0x00000010962fd708 mode 2
Event: 5830.509 Thread 0x00000194f2f1d640 Uncommon trap: trap_request=0xffffffd6 fr.pc=0x000001949e7d9b78 relative=0x0000000000000278
Event: 5830.509 Thread 0x00000194f2f1d640 Uncommon trap: reason=array_check action=maybe_recompile pc=0x000001949e7d9b78 method=java.util.LinkedHashMap.keysToArray([Ljava/lang/Object;Z)[Ljava/lang/Object; @ 67 c2
Event: 5830.509 Thread 0x00000194f2f1d640 DEOPT PACKING pc=0x000001949e7d9b78 sp=0x00000010962fd930
Event: 5830.509 Thread 0x00000194f2f1d640 DEOPT UNPACKING pc=0x000001949d763aa2 sp=0x00000010962fd708 mode 2
Event: 5830.585 Thread 0x00000194f2f1aee0 Uncommon trap: trap_request=0xffffffbe fr.pc=0x000001949e7e0dc0 relative=0x0000000000000e20
Event: 5830.585 Thread 0x00000194f2f1aee0 Uncommon trap: reason=profile_predicate action=maybe_recompile pc=0x000001949e7e0dc0 method=org.eclipse.core.internal.jobs.DeadlockDetector.reduceGraph(ILorg/eclipse/core/runtime/jobs/ISchedulingRule;)V @ 67 c2
Event: 5830.585 Thread 0x00000194f2f1aee0 DEOPT PACKING pc=0x000001949e7e0dc0 sp=0x0000001096ffe930
Event: 5830.585 Thread 0x00000194f2f1aee0 DEOPT UNPACKING pc=0x000001949d763aa2 sp=0x0000001096ffe8c0 mode 2
Event: 5830.588 Thread 0x00000194f2f1aee0 Uncommon trap: trap_request=0xffffffbe fr.pc=0x000001949e7e0dc0 relative=0x0000000000000e20
Event: 5830.588 Thread 0x00000194f2f1aee0 Uncommon trap: reason=profile_predicate action=maybe_recompile pc=0x000001949e7e0dc0 method=org.eclipse.core.internal.jobs.DeadlockDetector.reduceGraph(ILorg/eclipse/core/runtime/jobs/ISchedulingRule;)V @ 67 c2
Event: 5830.588 Thread 0x00000194f2f1aee0 DEOPT PACKING pc=0x000001949e7e0dc0 sp=0x0000001096ffe930
Event: 5830.588 Thread 0x00000194f2f1aee0 DEOPT UNPACKING pc=0x000001949d763aa2 sp=0x0000001096ffe8c0 mode 2

Classes loaded (20 events):
Event: 3514.506 Loading class java/util/stream/Nodes$CollectorTask done
Event: 3514.506 Loading class java/util/stream/Nodes$CollectorTask$OfRef done
Event: 3514.506 Loading class java/util/function/LongFunction
Event: 3514.506 Loading class java/util/function/LongFunction done
Event: 3514.506 Loading class java/util/stream/Nodes$ConcNode
Event: 3514.506 Loading class java/util/stream/Nodes$AbstractConcNode
Event: 3514.506 Loading class java/util/stream/Nodes$AbstractConcNode done
Event: 3514.506 Loading class java/util/stream/Nodes$ConcNode done
Event: 3514.520 Loading class java/util/stream/Nodes$ToArrayTask$OfRef
Event: 3514.520 Loading class java/util/stream/Nodes$ToArrayTask
Event: 3514.520 Loading class java/util/stream/Nodes$ToArrayTask done
Event: 3514.520 Loading class java/util/stream/Nodes$ToArrayTask$OfRef done
Event: 3514.521 Loading class java/io/ObjectOutputStream$BlockDataOutputStream
Event: 3514.522 Loading class java/io/ObjectOutputStream$BlockDataOutputStream done
Event: 3514.522 Loading class java/io/ObjectOutputStream$HandleTable
Event: 3514.522 Loading class java/io/ObjectOutputStream$HandleTable done
Event: 3514.522 Loading class java/io/ObjectOutputStream$ReplaceTable
Event: 3514.522 Loading class java/io/ObjectOutputStream$ReplaceTable done
Event: 3843.335 Loading class sun/nio/fs/WindowsFileCopy
Event: 3843.336 Loading class sun/nio/fs/WindowsFileCopy done

Classes unloaded (7 events):
Event: 18.949 Thread 0x000001949308d6c0 Unloading class 0x00000194ab1a4800 'java/lang/invoke/LambdaForm$MH+0x00000194ab1a4800'
Event: 18.949 Thread 0x000001949308d6c0 Unloading class 0x00000194ab1a4400 'java/lang/invoke/LambdaForm$MH+0x00000194ab1a4400'
Event: 18.949 Thread 0x000001949308d6c0 Unloading class 0x00000194ab1a4000 'java/lang/invoke/LambdaForm$MH+0x00000194ab1a4000'
Event: 18.949 Thread 0x000001949308d6c0 Unloading class 0x00000194ab1a3c00 'java/lang/invoke/LambdaForm$MH+0x00000194ab1a3c00'
Event: 18.949 Thread 0x000001949308d6c0 Unloading class 0x00000194ab1a3800 'java/lang/invoke/LambdaForm$BMH+0x00000194ab1a3800'
Event: 18.949 Thread 0x000001949308d6c0 Unloading class 0x00000194ab1a3400 'java/lang/invoke/LambdaForm$DMH+0x00000194ab1a3400'
Event: 18.949 Thread 0x000001949308d6c0 Unloading class 0x00000194ab1a2000 'java/lang/invoke/LambdaForm$DMH+0x00000194ab1a2000'

Classes redefined (0 events):
No events

Internal exceptions (20 events):
Event: 5796.622 Thread 0x00000194a9a5a230 Exception <a 'sun/nio/fs/WindowsException'{0x00000000d55a8960}> (0x00000000d55a8960) 
thrown [s\src\hotspot\share\prims\jni.cpp, line 520]
Event: 5796.727 Thread 0x00000194a9a5a230 Exception <a 'sun/nio/fs/WindowsException'{0x00000000d5583d50}> (0x00000000d5583d50) 
thrown [s\src\hotspot\share\prims\jni.cpp, line 520]
Event: 5801.004 Thread 0x00000194f2f1d640 Implicit null exception at 0x000001949e73392b to 0x000001949e733b80
Event: 5801.155 Thread 0x00000194a9a5a230 Exception <a 'sun/nio/fs/WindowsException'{0x00000000d5838100}> (0x00000000d5838100) 
thrown [s\src\hotspot\share\prims\jni.cpp, line 520]
Event: 5801.174 Thread 0x00000194a9a5a230 Exception <a 'sun/nio/fs/WindowsException'{0x00000000d585c0f8}> (0x00000000d585c0f8) 
thrown [s\src\hotspot\share\prims\jni.cpp, line 520]
Event: 5801.280 Thread 0x00000194a9a5a230 Exception <a 'sun/nio/fs/WindowsException'{0x00000000d57b5330}> (0x00000000d57b5330) 
thrown [s\src\hotspot\share\prims\jni.cpp, line 520]
Event: 5807.660 Thread 0x00000194a9a5a230 Exception <a 'sun/nio/fs/WindowsException'{0x00000000d5921578}> (0x00000000d5921578) 
thrown [s\src\hotspot\share\prims\jni.cpp, line 520]
Event: 5807.664 Thread 0x00000194a9a5a230 Exception <a 'sun/nio/fs/WindowsException'{0x00000000d593edf0}> (0x00000000d593edf0) 
thrown [s\src\hotspot\share\prims\jni.cpp, line 520]
Event: 5807.752 Thread 0x00000194a9a5a230 Exception <a 'sun/nio/fs/WindowsException'{0x00000000d56b4258}> (0x00000000d56b4258) 
thrown [s\src\hotspot\share\prims\jni.cpp, line 520]
Event: 5815.482 Thread 0x00000194a9a5a230 Exception <a 'sun/nio/fs/WindowsException'{0x00000000d55d1ac8}> (0x00000000d55d1ac8) 
thrown [s\src\hotspot\share\prims\jni.cpp, line 520]
Event: 5815.486 Thread 0x00000194a9a5a230 Exception <a 'sun/nio/fs/WindowsException'{0x00000000d55eb768}> (0x00000000d55eb768) 
thrown [s\src\hotspot\share\prims\jni.cpp, line 520]
Event: 5815.613 Thread 0x00000194a9a5a230 Exception <a 'sun/nio/fs/WindowsException'{0x00000000d5643a80}> (0x00000000d5643a80) 
thrown [s\src\hotspot\share\prims\jni.cpp, line 520]
Event: 5820.504 Thread 0x00000194a9a5a230 Exception <a 'sun/nio/fs/WindowsException'{0x00000000d567c338}> (0x00000000d567c338) 
thrown [s\src\hotspot\share\prims\jni.cpp, line 520]
Event: 5820.510 Thread 0x00000194a9a5a230 Exception <a 'sun/nio/fs/WindowsException'{0x00000000d56a03a8}> (0x00000000d56a03a8) 
thrown [s\src\hotspot\share\prims\jni.cpp, line 520]
Event: 5820.675 Thread 0x00000194a9a5a230 Exception <a 'sun/nio/fs/WindowsException'{0x00000000d57d5dd8}> (0x00000000d57d5dd8) 
thrown [s\src\hotspot\share\prims\jni.cpp, line 520]
Event: 5823.247 Thread 0x00000194a9a5a230 Exception <a 'sun/nio/fs/WindowsException'{0x00000000d562ce58}> (0x00000000d562ce58) 
thrown [s\src\hotspot\share\prims\jni.cpp, line 520]
Event: 5823.251 Thread 0x00000194a9a5a230 Exception <a 'sun/nio/fs/WindowsException'{0x00000000d56c8090}> (0x00000000d56c8090) 
thrown [s\src\hotspot\share\prims\jni.cpp, line 520]
Event: 5823.337 Thread 0x00000194a9a5a230 Exception <a 'sun/nio/fs/WindowsException'{0x00000000d59bb308}> (0x00000000d59bb308) 
thrown [s\src\hotspot\share\prims\jni.cpp, line 520]
Event: 5830.602 Thread 0x00000194a9a5a230 Exception <a 'sun/nio/fs/WindowsException'{0x00000000d56d30e8}> (0x00000000d56d30e8) 
thrown [s\src\hotspot\share\prims\jni.cpp, line 520]
Event: 5830.607 Thread 0x00000194a9a5a230 Exception <a 'sun/nio/fs/WindowsException'{0x00000000d56e6350}> (0x00000000d56e6350) 
thrown [s\src\hotspot\share\prims\jni.cpp, line 520]

ZGC Phase Switch (0 events):
No events

VM Operations (20 events):
Event: 5820.583 Executing VM operation: ParallelGCFailedAllocation (Allocation Failure)
Event: 5820.587 Executing VM operation: ParallelGCFailedAllocation (Allocation Failure) done
Event: 5820.591 Executing VM operation: ParallelGCFailedAllocation (Allocation Failure)
Event: 5820.596 Executing VM operation: ParallelGCFailedAllocation (Allocation Failure) done
Event: 5821.608 Executing VM operation: Cleanup
Event: 5821.608 Executing VM operation: Cleanup done
Event: 5823.168 Executing VM operation: ParallelGCFailedAllocation (Allocation Failure)
Event: 5823.171 Executing VM operation: ParallelGCFailedAllocation (Allocation Failure) done
Event: 5823.188 Executing VM operation: ParallelGCFailedAllocation (Allocation Failure)
Event: 5823.190 Executing VM operation: ParallelGCFailedAllocation (Allocation Failure) done
Event: 5823.266 Executing VM operation: ParallelGCFailedAllocation (Allocation Failure)
Event: 5823.270 Executing VM operation: ParallelGCFailedAllocation (Allocation Failure) done
Event: 5823.309 Executing VM operation: ParallelGCFailedAllocation (Allocation Failure)
Event: 5823.311 Executing VM operation: ParallelGCFailedAllocation (Allocation Failure) done
Event: 5823.352 Executing VM operation: ParallelGCFailedAllocation (Allocation Failure)
Event: 5823.357 Executing VM operation: ParallelGCFailedAllocation (Allocation Failure) done
Event: 5830.518 Executing VM operation: ParallelGCFailedAllocation (Allocation Failure)
Event: 5830.521 Executing VM operation: ParallelGCFailedAllocation (Allocation Failure) done
Event: 5830.624 Executing VM operation: ParallelGCFailedAllocation (Allocation Failure)
Event: 5830.627 Executing VM operation: ParallelGCFailedAllocation (Allocation Failure) done

Memory protections (0 events):
No events

Nmethod flushes (20 events):
Event: 24.969 Thread 0x000001949308d6c0 flushing  nmethod 0x00000194969f0f90
Event: 24.969 Thread 0x000001949308d6c0 flushing  nmethod 0x00000194969f5890
Event: 24.969 Thread 0x000001949308d6c0 flushing  nmethod 0x00000194969f6990
Event: 24.969 Thread 0x000001949308d6c0 flushing  nmethod 0x00000194969f6e10
Event: 24.969 Thread 0x000001949308d6c0 flushing  nmethod 0x00000194969f8810
Event: 24.969 Thread 0x000001949308d6c0 flushing  nmethod 0x0000019496a00810
Event: 24.969 Thread 0x000001949308d6c0 flushing  nmethod 0x0000019496a17210
Event: 24.969 Thread 0x000001949308d6c0 flushing  nmethod 0x0000019496a26910
Event: 24.969 Thread 0x000001949308d6c0 flushing  nmethod 0x0000019496a5a010
Event: 24.969 Thread 0x000001949308d6c0 flushing  nmethod 0x0000019496a5bb10
Event: 24.969 Thread 0x000001949308d6c0 flushing  nmethod 0x0000019496a5d410
Event: 24.969 Thread 0x000001949308d6c0 flushing  nmethod 0x0000019496a5fb90
Event: 24.969 Thread 0x000001949308d6c0 flushing  nmethod 0x0000019496a62f10
Event: 24.969 Thread 0x000001949308d6c0 flushing  nmethod 0x0000019496a69c90
Event: 24.969 Thread 0x000001949308d6c0 flushing  nmethod 0x0000019496a6a010
Event: 24.969 Thread 0x000001949308d6c0 flushing  nmethod 0x0000019496a6a390
Event: 24.969 Thread 0x000001949308d6c0 flushing  nmethod 0x0000019496a6a910
Event: 24.969 Thread 0x000001949308d6c0 flushing  nmethod 0x0000019496a78d90
Event: 24.969 Thread 0x000001949308d6c0 flushing  nmethod 0x0000019496a7ab90
Event: 24.969 Thread 0x000001949308d6c0 flushing  nmethod 0x0000019496a7e510

Events (20 events):
Event: 5422.521 Thread 0x00000194a99c6dc0 Thread added: 0x00000194eb6cac80
Event: 5423.526 Thread 0x00000194eb6cac80 Thread exited: 0x00000194eb6cac80
Event: 5597.039 Thread 0x00000194a9a38ec0 Thread added: 0x00000194f176fac0
Event: 5597.180 Thread 0x00000194f176fac0 Thread exited: 0x00000194f176fac0
Event: 5660.482 Thread 0x00000194f2f180f0 Thread added: 0x00000194a9a587f0
Event: 5660.489 Thread 0x00000194a9a587f0 Thread exited: 0x00000194a9a587f0
Event: 5660.490 Thread 0x00000194f2f180f0 Thread added: 0x00000194a9a587f0
Event: 5660.493 Thread 0x00000194a9a587f0 Thread added: 0x00000194a9a58e80
Event: 5660.493 Thread 0x00000194a9a587f0 Thread added: 0x00000194f2f1a1c0
Event: 5660.498 Thread 0x00000194a9a58e80 Thread exited: 0x00000194a9a58e80
Event: 5660.498 Thread 0x00000194a9a587f0 Thread exited: 0x00000194a9a587f0
Event: 5660.498 Thread 0x00000194f2f1a1c0 Thread exited: 0x00000194f2f1a1c0
Event: 5823.239 Thread 0x00000194f2f17a60 Thread added: 0x00000194f2f1a1c0
Event: 5823.242 Thread 0x00000194f2f1a1c0 Thread exited: 0x00000194f2f1a1c0
Event: 5823.243 Thread 0x00000194f2f17a60 Thread added: 0x00000194f2f1a1c0
Event: 5823.244 Thread 0x00000194f2f1a1c0 Thread added: 0x00000194a9a587f0
Event: 5823.245 Thread 0x00000194f2f1a1c0 Thread added: 0x00000194a9a58e80
Event: 5823.246 Thread 0x00000194f2f1a1c0 Thread exited: 0x00000194f2f1a1c0
Event: 5823.246 Thread 0x00000194a9a587f0 Thread exited: 0x00000194a9a587f0
Event: 5823.247 Thread 0x00000194a9a58e80 Thread exited: 0x00000194a9a58e80


Dynamic libraries:
0x00007ff6ad290000 - 0x00007ff6ad29e000 	c:\Users\admin\.vscode\extensions\redhat.java-1.50.0-win32-x64\jre\21.0.9-win32-x86_64\bin\java.exe
0x00007ffe09130000 - 0x00007ffe09328000 	C:\WINDOWS\SYSTEM32\ntdll.dll
0x00007ffe086c0000 - 0x00007ffe08782000 	C:\WINDOWS\System32\KERNEL32.DLL
0x00007ffe06cf0000 - 0x00007ffe06fe6000 	C:\WINDOWS\System32\KERNELBASE.dll
0x00007ffe067f0000 - 0x00007ffe068f0000 	C:\WINDOWS\System32\ucrtbase.dll
0x00007ffde7070000 - 0x00007ffde7088000 	c:\Users\admin\.vscode\extensions\redhat.java-1.50.0-win32-x64\jre\21.0.9-win32-x86_64\bin\jli.dll
0x00007ffe08b90000 - 0x00007ffe08d31000 	C:\WINDOWS\System32\USER32.dll
0x00007ffe067c0000 - 0x00007ffe067e2000 	C:\WINDOWS\System32\win32u.dll
0x00007ffe08790000 - 0x00007ffe087bb000 	C:\WINDOWS\System32\GDI32.dll
0x00007ffe06bd0000 - 0x00007ffe06ce9000 	C:\WINDOWS\System32\gdi32full.dll
0x00007ffe069d0000 - 0x00007ffe06a6d000 	C:\WINDOWS\System32\msvcp_win.dll
0x00007ffde7540000 - 0x00007ffde755e000 	c:\Users\admin\.vscode\extensions\redhat.java-1.50.0-win32-x64\jre\21.0.9-win32-x86_64\bin\VCRUNTIME140.dll
0x00007ffdf95a0000 - 0x00007ffdf983b000 	C:\WINDOWS\WinSxS\amd64_microsoft.windows.common-controls_6595b64144ccf1df_6.0.19041.6456_none_60b8a6cb71f64256\COMCTL32.dll
0x00007ffe08870000 - 0x00007ffe0890e000 	C:\WINDOWS\System32\msvcrt.dll
0x00007ffe08840000 - 0x00007ffe0886f000 	C:\WINDOWS\System32\IMM32.DLL
0x00007ffdfb210000 - 0x00007ffdfb21c000 	c:\Users\admin\.vscode\extensions\redhat.java-1.50.0-win32-x64\jre\21.0.9-win32-x86_64\bin\vcruntime140_1.dll
0x00007ffddb460000 - 0x00007ffddb4ed000 	c:\Users\admin\.vscode\extensions\redhat.java-1.50.0-win32-x64\jre\21.0.9-win32-x86_64\bin\msvcp140.dll
0x00007ffdc4d40000 - 0x00007ffdc5ae0000 	c:\Users\admin\.vscode\extensions\redhat.java-1.50.0-win32-x64\jre\21.0.9-win32-x86_64\bin\server\jvm.dll
0x00007ffe08f20000 - 0x00007ffe08fd1000 	C:\WINDOWS\System32\ADVAPI32.dll
0x00007ffe08910000 - 0x00007ffe089af000 	C:\WINDOWS\System32\sechost.dll
0x00007ffe08a70000 - 0x00007ffe08b90000 	C:\WINDOWS\System32\RPCRT4.dll
0x00007ffe070a0000 - 0x00007ffe070c7000 	C:\WINDOWS\System32\bcrypt.dll
0x00007ffe087c0000 - 0x00007ffe0882b000 	C:\WINDOWS\System32\WS2_32.dll
0x00007ffe06620000 - 0x00007ffe0666b000 	C:\WINDOWS\SYSTEM32\POWRPROF.dll
0x00007ffdfc550000 - 0x00007ffdfc577000 	C:\WINDOWS\SYSTEM32\WINMM.dll
0x00007ffdfcca0000 - 0x00007ffdfccaa000 	C:\WINDOWS\SYSTEM32\VERSION.dll
0x00007ffe06600000 - 0x00007ffe06612000 	C:\WINDOWS\SYSTEM32\UMPDC.dll
0x00007ffe04650000 - 0x00007ffe04662000 	C:\WINDOWS\SYSTEM32\kernel.appcore.dll
0x00007ffdfadd0000 - 0x00007ffdfadda000 	c:\Users\admin\.vscode\extensions\redhat.java-1.50.0-win32-x64\jre\21.0.9-win32-x86_64\bin\jimage.dll
0x00007ffdf5850000 - 0x00007ffdf5a51000 	C:\WINDOWS\SYSTEM32\DBGHELP.DLL
0x00007ffdf2f30000 - 0x00007ffdf2f64000 	C:\WINDOWS\SYSTEM32\dbgcore.DLL
0x00007ffe06940000 - 0x00007ffe069c2000 	C:\WINDOWS\System32\bcryptPrimitives.dll
0x00007ffdf8d40000 - 0x00007ffdf8d4f000 	c:\Users\admin\.vscode\extensions\redhat.java-1.50.0-win32-x64\jre\21.0.9-win32-x86_64\bin\instrument.dll
0x00007ffde3d90000 - 0x00007ffde3db0000 	c:\Users\admin\.vscode\extensions\redhat.java-1.50.0-win32-x64\jre\21.0.9-win32-x86_64\bin\java.dll
0x00007ffe07410000 - 0x00007ffe07b80000 	C:\WINDOWS\System32\SHELL32.dll
0x00007ffe04850000 - 0x00007ffe04ff5000 	C:\WINDOWS\SYSTEM32\windows.storage.dll
0x00007ffe07cb0000 - 0x00007ffe08004000 	C:\WINDOWS\System32\combase.dll
0x00007ffe06110000 - 0x00007ffe0613b000 	C:\WINDOWS\SYSTEM32\Wldp.dll
0x00007ffe08d40000 - 0x00007ffe08e0d000 	C:\WINDOWS\System32\OLEAUT32.dll
0x00007ffe08fe0000 - 0x00007ffe0908d000 	C:\WINDOWS\System32\SHCORE.dll
0x00007ffe08ec0000 - 0x00007ffe08f1b000 	C:\WINDOWS\System32\shlwapi.dll
0x00007ffe066f0000 - 0x00007ffe06714000 	C:\WINDOWS\SYSTEM32\profapi.dll
0x00007ffde5890000 - 0x00007ffde58a8000 	c:\Users\admin\.vscode\extensions\redhat.java-1.50.0-win32-x64\jre\21.0.9-win32-x86_64\bin\zip.dll
0x00007ffdf8110000 - 0x00007ffdf8120000 	C:\Users\admin\.vscode\extensions\redhat.java-1.50.0-win32-x64\jre\21.0.9-win32-x86_64\bin\net.dll
0x00007ffe00140000 - 0x00007ffe0024a000 	C:\WINDOWS\SYSTEM32\WINHTTP.dll
0x00007ffe05e70000 - 0x00007ffe05eda000 	C:\WINDOWS\system32\mswsock.dll
0x00007ffde3800000 - 0x00007ffde3816000 	C:\Users\admin\.vscode\extensions\redhat.java-1.50.0-win32-x64\jre\21.0.9-win32-x86_64\bin\nio.dll
0x00007ffe03bb0000 - 0x00007ffe03bc0000 	c:\Users\admin\.vscode\extensions\redhat.java-1.50.0-win32-x64\jre\21.0.9-win32-x86_64\bin\verify.dll
0x00007ffddaf30000 - 0x00007ffddaf74000 	C:\Users\admin\AppData\Roaming\Code\User\globalStorage\redhat.java\1.50.0\config_win\org.eclipse.equinox.launcher\org.eclipse.equinox.launcher.win32.win32.x86_64_1.2.1400.v20250801-0854\eclipse_11916.dll
0x00007ffe07200000 - 0x00007ffe0732b000 	C:\WINDOWS\System32\ole32.dll
0x00007ffe06060000 - 0x00007ffe06078000 	C:\WINDOWS\SYSTEM32\CRYPTSP.dll
0x00007ffe05790000 - 0x00007ffe057c8000 	C:\WINDOWS\system32\rsaenh.dll
0x00007ffe06670000 - 0x00007ffe0669e000 	C:\WINDOWS\SYSTEM32\USERENV.dll
0x00007ffe06080000 - 0x00007ffe0608c000 	C:\WINDOWS\SYSTEM32\CRYPTBASE.dll
0x00007ffe05b50000 - 0x00007ffe05b8b000 	C:\WINDOWS\SYSTEM32\IPHLPAPI.DLL
0x00007ffe081c0000 - 0x00007ffe081c8000 	C:\WINDOWS\System32\NSI.dll
0x00007ffde3f30000 - 0x00007ffde3f79000 	C:\Users\admin\AppData\Local\Temp\jna-92668751\jna13920616826429270895.dll
0x00007ffe07b80000 - 0x00007ffe07b88000 	C:\WINDOWS\System32\PSAPI.DLL
0x00007ffe00ab0000 - 0x00007ffe00ac7000 	C:\WINDOWS\SYSTEM32\dhcpcsvc6.DLL
0x00007ffe00f70000 - 0x00007ffe00f8d000 	C:\WINDOWS\SYSTEM32\dhcpcsvc.DLL
0x00007ffdf9ff0000 - 0x00007ffdf9ffe000 	C:\Users\admin\.vscode\extensions\redhat.java-1.50.0-win32-x64\jre\21.0.9-win32-x86_64\bin\sunmscapi.dll
0x00007ffe06a70000 - 0x00007ffe06bcd000 	C:\WINDOWS\System32\CRYPT32.dll
0x00007ffe06180000 - 0x00007ffe061a7000 	C:\WINDOWS\SYSTEM32\ncrypt.dll
0x00007ffe06140000 - 0x00007ffe0617b000 	C:\WINDOWS\SYSTEM32\NTASN1.dll
0x00007ffe059e0000 - 0x00007ffe05a13000 	C:\WINDOWS\SYSTEM32\ntmarta.dll

JVMTI agents:
c:\Users\admin\.vscode\extensions\redhat.java-1.50.0-win32-x64\lombok\lombok-1.18.39-4050.jar path:c:\Users\admin\.vscode\extensions\redhat.java-1.50.0-win32-x64\jre\21.0.9-win32-x86_64\bin\instrument.dll, loaded, initialized, instrumentlib options:none

dbghelp: loaded successfully - version: 4.0.5 - missing functions: none
symbol engine: initialized successfully - sym options: 0x614 - pdb path: .;c:\Users\admin\.vscode\extensions\redhat.java-1.50.0-win32-x64\jre\21.0.9-win32-x86_64\bin;C:\WINDOWS\SYSTEM32;C:\WINDOWS\WinSxS\amd64_microsoft.windows.common-controls_6595b64144ccf1df_6.0.19041.6456_none_60b8a6cb71f64256;c:\Users\admin\.vscode\extensions\redhat.java-1.50.0-win32-x64\jre\21.0.9-win32-x86_64\bin\server;C:\Users\admin\AppData\Roaming\Code\User\globalStorage\redhat.java\1.50.0\config_win\org.eclipse.equinox.launcher\org.eclipse.equinox.launcher.win32.win32.x86_64_1.2.1400.v20250801-0854;C:\Users\admin\AppData\Local\Temp\jna-92668751

VM Arguments:
jvm_args: --add-modules=ALL-SYSTEM --add-opens=java.base/java.util=ALL-UNNAMED --add-opens=java.base/java.lang=ALL-UNNAMED --add-opens=java.base/sun.nio.fs=ALL-UNNAMED -Declipse.application=org.eclipse.jdt.ls.core.id1 -Dosgi.bundles.defaultStartLevel=4 -Declipse.product=org.eclipse.jdt.ls.core.product -Djava.import.generatesMetadataFilesAtProjectRoot=false -DDetectVMInstallationsJob.disabled=true -Dfile.encoding=utf8 -XX:+UseParallelGC -XX:GCTimeRatio=4 -XX:AdaptiveSizePolicyWeight=90 -Dsun.zip.disableMemoryMapping=true -Xmx2G -Xms100m -Xlog:disable -javaagent:c:\Users\admin\.vscode\extensions\redhat.java-1.50.0-win32-x64\lombok\lombok-1.18.39-4050.jar -XX:+HeapDumpOnOutOfMemoryError -XX:HeapDumpPath=c:\Users\admin\AppData\Roaming\Code\User\workspaceStorage\e34322bfc2ef4bd5be9d81b15b38c700\redhat.java -Daether.dependencyCollector.impl=bf 
java_command: c:\Users\admin\.vscode\extensions\redhat.java-1.50.0-win32-x64\server\plugins\org.eclipse.equinox.launcher_1.7.100.v20251111-0406.jar -configuration c:\Users\admin\AppData\Roaming\Code\User\globalStorage\redhat.java\1.50.0\config_win -data c:\Users\admin\AppData\Roaming\Code\User\workspaceStorage\e34322bfc2ef4bd5be9d81b15b38c700\redhat.java\jdt_ws --pipe=\\.\pipe\lsp-558265c566e008e741b2ef04a810251e-sock
java_class_path (initial): c:\Users\admin\.vscode\extensions\redhat.java-1.50.0-win32-x64\server\plugins\org.eclipse.equinox.launcher_1.7.100.v20251111-0406.jar
Launcher Type: SUN_STANDARD

[Global flags]
    uintx AdaptiveSizePolicyWeight                 = 90                                        {product} {command line}
     intx CICompilerCount                          = 3                                         {product} {ergonomic}
    uintx GCTimeRatio                              = 4                                         {product} {command line}
     bool HeapDumpOnOutOfMemoryError               = true                                   {manageable} {command line}
    ccstr HeapDumpPath                             = c:\Users\admin\AppData\Roaming\Code\User\workspaceStorage\e34322bfc2ef4bd5be9d81b15b38c700\redhat.java         {manageable} {command line}
   size_t InitialHeapSize                          = 104857600                                 {product} {command line}
   size_t MaxHeapSize                              = 2147483648                                {product} {command line}
   size_t MaxNewSize                               = 715653120                                 {product} {ergonomic}
   size_t MinHeapDeltaBytes                        = 524288                                    {product} {ergonomic}
   size_t MinHeapSize                              = 104857600                                 {product} {command line}
   size_t NewSize                                  = 34603008                                  {product} {ergonomic}
    uintx NonNMethodCodeHeapSize                   = 5832780                                {pd product} {ergonomic}
    uintx NonProfiledCodeHeapSize                  = 122912730                              {pd product} {ergonomic}
   size_t OldSize                                  = 70254592                                  {product} {ergonomic}
    uintx ProfiledCodeHeapSize                     = 122912730                              {pd product} {ergonomic}
    uintx ReservedCodeCacheSize                    = 251658240                              {pd product} {ergonomic}
     bool SegmentedCodeCache                       = true                                      {product} {ergonomic}
   size_t SoftMaxHeapSize                          = 2147483648                             {manageable} {ergonomic}
     bool UseCompressedOops                        = true                           {product lp64_product} {ergonomic}
     bool UseLargePagesIndividualAllocation        = false                                  {pd product} {ergonomic}
     bool UseParallelGC                            = true                                      {product} {command line}

Logging:
Log output configuration:
 #0: stdout all=off uptime,level,tags foldmultilines=false
 #1: stderr all=off uptime,level,tags foldmultilines=false

Release file:
JAVA_VERSION="21.0.9" 
MODULES="java.base java.compiler java.datatransfer java.xml java.prefs java.desktop java.instrument java.logging java.management java.security.sasl java.naming java.rmi java.management.rmi java.net.http java.scripting java.security.jgss java.transaction.xa java.sql java.sql.rowset java.xml.crypto java.se java.smartcardio jdk.accessibility jdk.internal.jvmstat jdk.attach jdk.charsets jdk.internal.opt jdk.zipfs jdk.compiler jdk.crypto.ec jdk.crypto.cryptoki jdk.crypto.mscapi jdk.dynalink jdk.internal.ed jdk.editpad jdk.hotspot.agent jdk.httpserver jdk.internal.le jdk.internal.vm.ci jdk.internal.vm.compiler jdk.internal.vm.compiler.management jdk.jartool jdk.javadoc jdk.jcmd jdk.management jdk.management.agent jdk.jconsole jdk.jdeps jdk.jdwp.agent jdk.jdi jdk.jfr jdk.jshell jdk.jsobject jdk.jstatd jdk.localedata jdk.management.jfr jdk.naming.dns jdk.naming.rmi jdk.net jdk.nio.mapmode jdk.random jdk.sctp jdk.security.auth jdk.security.jgss jdk.unsupported jdk.unsupported.desktop jdk.xml.dom" 

Environment Variables:
JAVA_HOME=C:\Program Files\Java\jdk-17
PATH=C:\Program Files\Common Files\Oracle\Java\javapath;%AppData%\npm;C:\Program Files (x86)\Microsoft SQL Server\160\Tools\Binn\;C:\Program Files\Microsoft SQL Server\160\Tools\Binn\;C:\Program Files\Microsoft SQL Server\Client SDK\ODBC\170\Tools\Binn\;C:\Program Files\Microsoft SQL Server\160\DTS\Binn\;C:\Program Files (x86)\Microsoft SQL Server\160\DTS\Binn\;C:\Program Files\nodejs\;C:\Program Files\cursor\resources\app\bin;C:\Program Files\Git\cmd;C:\Program Files\MySQL\MySQL Shell 8.0\bin\;C:\Users\admin\AppData\Local\Programs\Python\Python313\Scripts\;C:\Users\admin\AppData\Local\Programs\Python\Python313\;C:\Users\admin\AppData\Local\Programs\Python\Python312\Scripts\;C:\Users\admin\AppData\Local\Programs\Python\Python312\;C:\Users\admin\AppData\Local\Programs\Python\Python310;C:\Users\admin\AppData\Local\Programs\Microsoft VS Code\bin;C:\Users\admin\AppData\Roaming\npm
USERNAME=admin
OS=Windows_NT
PROCESSOR_IDENTIFIER=Intel64 Family 6 Model 60 Stepping 3, GenuineIntel
TMP=C:\Users\admin\AppData\Local\Temp
TEMP=C:\Users\admin\AppData\Local\Temp




Periodic native trim disabled

---------------  S Y S T E M  ---------------

OS:
 Windows 10 , 64 bit Build 19041 (10.0.19041.5915)
OS uptime: 2 days 0:34 hours

CPU: total 4 (initial active 4) (4 cores per cpu, 1 threads per core) family 6 model 60 stepping 3 microcode 0x27, cx8, cmov, fxsr, mmx, sse, sse2, sse3, ssse3, sse4.1, sse4.2, popcnt, lzcnt, tsc, tscinvbit, avx, avx2, aes, erms, clmul, bmi1, bmi2, fma, vzeroupper, clflush, rdtscp, f16c
Processor Information for the first 4 processors :
  Max Mhz: 3201, Current Mhz: 3201, Mhz Limit: 3201

Memory: 4k page, system-wide physical 8110M (514M free)
TotalPageFile size 14650M (AvailPageFile size 12M)
current process WorkingSet (physical memory assigned to process): 691M, peak: 692M
current process commit charge ("private bytes"): 967M, peak: 972M

vm_info: OpenJDK 64-Bit Server VM (21.0.9+10-LTS) for windows-amd64 JRE (21.0.9+10-LTS), built on 2025-10-21T00:00:00Z by "admin" with unknown MS VC++:1942

END.
